     â•­â”€â”€â”€â”€â”€â”€â”€â”€â”€â”€â”€â”€â”€â”€â”€â”€â”€â”€â”€â”€â”€â”€â”€â”€â”€â”€â”€â”€â”€â”€â”€â”€â”€â”€â”€â”€â”€â”€â”€â”€â”€â”€â”€â”€â”€â”€â”€â”€â”€â”€â”€â”€â”€â”€â”€â”€â”€â”€â”€â”€â”€â”€â”€â”€â”€â”€â”€â”€â”€â”€â”€â”€â”€â•®
[38;5;247m[4]:[0m â”‚ [38;2;137;221;255;49m%%[0m[38;2;187;128;179;49mbash[0m                                                                  â”‚
     â”‚ [38;2;238;255;255;49mech[0m                                                                     â”‚
     â•°â”€â”€â”€â”€â”€â”€â”€â”€â”€â”€â”€â”€â”€â”€â”€â”€â”€â”€â”€â”€â”€â”€â”€â”€â”€â”€â”€â”€â”€â”€â”€â”€â”€â”€â”€â”€â”€â”€â”€â”€â”€â”€â”€â”€â”€â”€â”€â”€â”€â”€â”€â”€â”€â”€â”€â”€â”€â”€â”€â”€â”€â”€â”€â”€â”€â”€â”€â”€â”€â”€â”€â”€â”€â•¯
                                                                                
      [48;5;174m                                                                          [0m
      [48;5;174m [0m[38;5;237;48;5;174mbash: line 1: ech: command not found                                    [0m[48;5;174m [0m
      [48;5;174m [0m[38;5;237;48;5;174m                                                                        [0m[48;5;174m [0m
                                                                                
      [1;31m-------------------------------------------------------------------------â€¦[0m
      [1;31mCalledProcessError[0m                        Traceback (most recent call     
      last)                                                                     
      [1;32m<ipython-input-4-4fb31ecfb364>[0m in [36m<module>[0m                                
      [1;32m----> 1[0m[1;33m [0mget_ipython[1;33m([0m[1;33m)[0m[1;33m.[0mrun_cell_magic[1;33m([0m[1;34m'bash'[0m[1;33m,[0m [1;34m''[0m[1;33m,[0m [1;34m'ech\n'[0m[1;33m)[0m                 
                                                                                
      [1;32m~/.pyenv/versions/scratch/lib/python3.8/site-packages/IPython/core/interaâ€¦[0m
      in [36mrun_cell_magic[0m[1;34m(self, magic_name, line, cell)[0m                           
      [32m   2389[0m             [1;32mwith[0m self[1;33m.[0mbuiltin_trap[1;33m:[0m                               
      [32m   2390[0m                 args [1;33m=[0m [1;33m([0mmagic_arg_s[1;33m,[0m cell[1;33m)[0m                        
      [1;32m-> 2391[0m[1;33m                 [0mresult [1;33m=[0m fn[1;33m([0m[1;33m*[0margs[1;33m,[0m [1;33m**[0mkwargs[1;33m)[0m                      
      [32m   2392[0m             [1;32mreturn[0m result                                         
      [32m   2393[0m                                                                   
                                                                                
      [1;32m~/.pyenv/versions/scratch/lib/python3.8/site-packages/IPython/core/magicsâ€¦[0m
      in [36mnamed_script_magic[0m[1;34m(line, cell)[0m                                         
      [32m    140[0m             [1;32melse[0m[1;33m:[0m                                                 
      [32m    141[0m                 line [1;33m=[0m script                                     
      [1;32m--> 142[0m[1;33m             [0m[1;32mreturn[0m self[1;33m.[0mshebang[1;33m([0mline[1;33m,[0m cell[1;33m)[0m                       
      [32m    143[0m                                                                   
      [32m    144[0m         [1;31m# write a basic docstring:[0m                                
                                                                                
      [1;32m<decorator-gen-103>[0m in [36mshebang[0m[1;34m(self, line, cell)[0m                          
                                                                                
      [1;32m~/.pyenv/versions/scratch/lib/python3.8/site-packages/IPython/core/magic.â€¦[0m
      in [36m<lambda>[0m[1;34m(f, *a, **k)[0m                                                   
      [32m    185[0m     [1;31m# but it's overkill for just that one bit of state.[0m           
      [32m    186[0m     [1;32mdef[0m magic_deco[1;33m([0marg[1;33m)[0m[1;33m:[0m                                          
      [1;32m--> 187[0m[1;33m         [0mcall [1;33m=[0m [1;32mlambda[0m f[1;33m,[0m [1;33m*[0ma[1;33m,[0m [1;33m**[0mk[1;33m:[0m f[1;33m([0m[1;33m*[0ma[1;33m,[0m [1;33m**[0mk[1;33m)[0m                      
      [32m    188[0m                                                                   
      [32m    189[0m         [1;32mif[0m callable[1;33m([0marg[1;33m)[0m[1;33m:[0m                                         
                                                                                
      [1;32m~/.pyenv/versions/scratch/lib/python3.8/site-packages/IPython/core/magicsâ€¦[0m
      in [36mshebang[0m[1;34m(self, line, cell)[0m                                              
      [32m    243[0m             sys[1;33m.[0mstderr[1;33m.[0mflush[1;33m([0m[1;33m)[0m                                    
      [32m    244[0m         [1;32mif[0m args[1;33m.[0mraise_error [1;32mand[0m p[1;33m.[0mreturncode[1;33m!=[0m[1;36m0[0m[1;33m:[0m                  
      [1;32m--> 245[0m[1;33m             [0m[1;32mraise[0m CalledProcessError[1;33m([0mp[1;33m.[0mreturncode[1;33m,[0m cell[1;33m,[0m          
      output[1;33m=[0mout[1;33m,[0m stderr[1;33m=[0merr[1;33m)[0m                                                   
      [32m    246[0m                                                                   
      [32m    247[0m     [1;32mdef[0m _run_script[1;33m([0mself[1;33m,[0m p[1;33m,[0m cell[1;33m,[0m to_close[1;33m)[0m[1;33m:[0m                     
                                                                                
      [1;31mCalledProcessError[0m: Command 'b'ech\n'' returned non-zero exit status 127. 
