      ‚ï≠‚îÄ‚îÄ‚îÄ‚îÄ‚îÄ‚îÄ‚îÄ‚îÄ‚îÄ‚îÄ‚îÄ‚îÄ‚îÄ‚îÄ‚îÄ‚îÄ‚îÄ‚îÄ‚îÄ‚îÄ‚îÄ‚îÄ‚îÄ‚îÄ‚îÄ‚îÄ‚îÄ‚îÄ‚îÄ‚îÄ‚îÄ‚îÄ‚îÄ‚îÄ‚îÄ‚îÄ‚îÄ‚îÄ‚îÄ‚îÄ‚îÄ‚îÄ‚îÄ‚îÄ‚îÄ‚îÄ‚îÄ‚îÄ‚îÄ‚îÄ‚îÄ‚îÄ‚îÄ‚îÄ‚îÄ‚îÄ‚îÄ‚îÄ‚îÄ‚îÄ‚îÄ‚îÄ‚îÄ‚îÄ‚îÄ‚îÄ‚îÄ‚îÄ‚îÄ‚îÄ‚îÄ‚îÄ‚ïÆ
[38;5;247m[10]:[0m ‚îÇ                                                                        ‚îÇ
      ‚ï∞‚îÄ‚îÄ‚îÄ‚îÄ‚îÄ‚îÄ‚îÄ‚îÄ‚îÄ‚îÄ‚îÄ‚îÄ‚îÄ‚îÄ‚îÄ‚îÄ‚îÄ‚îÄ‚îÄ‚îÄ‚îÄ‚îÄ‚îÄ‚îÄ‚îÄ‚îÄ‚îÄ‚îÄ‚îÄ‚îÄ‚îÄ‚îÄ‚îÄ‚îÄ‚îÄ‚îÄ‚îÄ‚îÄ‚îÄ‚îÄ‚îÄ‚îÄ‚îÄ‚îÄ‚îÄ‚îÄ‚îÄ‚îÄ‚îÄ‚îÄ‚îÄ‚îÄ‚îÄ‚îÄ‚îÄ‚îÄ‚îÄ‚îÄ‚îÄ‚îÄ‚îÄ‚îÄ‚îÄ‚îÄ‚îÄ‚îÄ‚îÄ‚îÄ‚îÄ‚îÄ‚îÄ‚îÄ‚ïØ
                                                                                
       <IPython.core.display.Javascript object>                                 
                                                                                
       ]8;id=114481;file://{{ tempfile_path }}0.html\[94müåê Click to view HTML[0m]8;;\                                                    
                                                                                
                                                                                
       [48;2;255;255;255m                                                                         [0m
       [48;2;255;255;255m                                                                         [0m
       [48;2;255;255;255m         [0m[38;2;255;255;255;48;2;252;252;252m‚ñÄ[0m[38;2;255;255;255;48;2;255;255;255m                                                               [0m
       [48;2;255;255;255m     [0m[38;2;247;247;247;48;2;248;248;248m‚ñÄ[0m[38;2;244;244;244;48;2;206;206;206m‚ñÄ[0m[38;2;243;243;243;48;2;225;225;225m‚ñÄ[0m[38;2;244;244;244;48;2;226;226;226m‚ñÄ[0m[38;2;244;244;244;48;2;220;220;220m [0m[38;2;244;244;244;48;2;255;255;255m               [0m[38;2;255;255;255;48;2;246;246;246m‚ñÄ[0m[38;2;255;255;255;48;2;255;255;255m                                    [0m[38;2;255;255;255;48;2;246;246;254m‚ñÄ[0m[38;2;255;255;255;48;2;248;248;254m‚ñÄ[0m[38;2;255;255;255;48;2;255;255;255m         [0m
       [48;2;255;255;255m     [0m[38;2;232;232;232;48;2;255;255;255m‚ñÄ[0m[38;2;235;235;235;48;2;255;255;255m‚ñÄ[0m[38;2;229;229;229;48;2;255;255;255m‚ñÄ[0m[38;2;236;236;236;48;2;255;255;255m‚ñÄ[0m[38;2;236;236;236;48;2;220;220;220m [0m[38;2;236;236;236;48;2;255;255;255m  [0m[38;2;220;220;252;48;2;250;250;255m‚ñÄ[0m[38;2;242;242;254;48;2;254;254;255m‚ñÄ[0m[38;2;242;242;254;48;2;255;255;255m  [0m[38;2;215;215;215;48;2;244;244;244m‚ñÄ[0m[38;2;184;184;184;48;2;235;235;235m‚ñÄ[0m[38;2;207;207;207;48;2;232;232;232m‚ñÄ[0m[38;2;175;175;175;48;2;233;233;233m‚ñÄ[0m[38;2;231;231;231;48;2;251;251;251m‚ñÄ[0m[38;2;197;197;197;48;2;230;230;230m‚ñÄ[0m[38;2;169;169;169;48;2;232;232;232m‚ñÄ[0m[38;2;198;198;198;48;2;242;242;242m‚ñÄ[0m[38;2;193;193;193;48;2;226;226;226m‚ñÄ[0m[38;2;176;176;176;48;2;230;230;230m‚ñÄ[0m[38;2;185;185;185;48;2;230;230;230m‚ñÄ[0m[38;2;191;191;191;48;2;237;237;237m‚ñÄ[0m[38;2;191;191;191;48;2;229;229;229m‚ñÄ[0m[38;2;252;252;252;48;2;253;253;253m‚ñÄ[0m[38;2;252;252;252;48;2;255;255;255m                             [0m[38;2;255;255;255;48;2;229;230;252m‚ñÄ[0m[38;2;254;254;255;48;2;167;168;247m‚ñÄ[0m[38;2;208;209;250;48;2;148;150;245m‚ñÄ[0m[38;2;152;154;245;48;2;148;150;245m‚ñÄ[0m[38;2;152;154;245;48;2;232;233;253m [0m[38;2;152;154;245;48;2;255;255;255m         [0m
       [48;2;255;255;255m         [0m[48;2;220;220;220m [0m[48;2;255;255;255m  [0m[38;2;255;255;255;48;2;254;232;213m‚ñÄ[0m[38;2;255;255;255;48;2;255;247;240m‚ñÄ[0m[38;2;255;255;255;48;2;255;255;255m  [0m[38;2;255;255;255;48;2;221;221;221m‚ñÄ[0m[38;2;255;255;255;48;2;186;186;186m‚ñÄ[0m[38;2;255;255;255;48;2;195;195;195m‚ñÄ[0m[38;2;255;255;255;48;2;186;186;186m‚ñÄ[0m[38;2;246;246;246;48;2;175;175;175m‚ñÄ[0m[38;2;255;255;255;48;2;189;189;189m‚ñÄ[0m[38;2;255;255;255;48;2;198;198;198m‚ñÄ[0m[38;2;255;255;255;48;2;194;194;194m‚ñÄ[0m[38;2;255;255;255;48;2;207;207;207m‚ñÄ[0m[38;2;255;255;255;48;2;255;255;255m                              [0m[38;2;255;255;255;48;2;254;254;255m‚ñÄ[0m[38;2;255;255;255;48;2;208;209;251m‚ñÄ[0m[38;2;246;246;254;48;2;153;155;245m‚ñÄ[0m[38;2;185;186;248;48;2;148;150;245m‚ñÄ[0m[38;2;147;149;245;48;2;148;150;245m‚ñÄ[0m[38;2;148;150;245;48;2;115;117;242m‚ñÄ[0m[38;2;147;149;245;48;2;111;114;242m‚ñÄ[0m[38;2;117;117;237;48;2;139;141;244m‚ñÄ[0m[38;2;226;214;228;48;2;232;233;253m‚ñÄ[0m[38;2;226;214;228;48;2;255;255;255m         [0m
       [48;2;255;255;255m     [0m[38;2;255;255;255;48;2;252;252;252m‚ñÄ[0m[38;2;255;255;255;48;2;250;250;250m‚ñÄ[0m[38;2;255;255;255;48;2;253;253;253m‚ñÄ[0m[38;2;255;255;255;48;2;252;252;252m‚ñÄ[0m[38;2;255;255;255;48;2;220;220;220m [0m[38;2;255;255;255;48;2;255;255;255m      [0m[38;2;239;239;239;48;2;255;255;255m‚ñÄ[0m[38;2;235;235;235;48;2;255;255;255m‚ñÄ[0m[38;2;245;245;245;48;2;255;255;255m‚ñÄ[0m[38;2;231;231;231;48;2;255;255;255m‚ñÄ[0m[38;2;236;236;236;48;2;255;255;255m‚ñÄ[0m[38;2;241;241;241;48;2;255;255;255m‚ñÄ[0m[38;2;228;228;228;48;2;255;255;255m‚ñÄ[0m[38;2;240;240;240;48;2;255;255;255m‚ñÄ[0m[38;2;234;234;234;48;2;255;255;255m‚ñÄ[0m[38;2;234;234;234;48;2;255;255;255m                           [0m[38;2;255;255;255;48;2;251;251;255m‚ñÄ[0m[38;2;255;255;255;48;2;194;195;249m‚ñÄ[0m[38;2;233;234;253;48;2;148;150;245m‚ñÄ[0m[38;2;167;169;247;48;2;148;150;245m‚ñÄ[0m[38;2;148;150;245;48;2;133;135;244m‚ñÄ[0m[38;2;148;150;245;48;2;108;111;242m‚ñÄ[0m[38;2;125;128;243;48;2;130;133;243m‚ñÄ[0m[38;2;108;111;242;48;2;148;150;245m‚ñÄ[0m[38;2;134;137;244;48;2;148;150;245m‚ñÄ[0m[38;2;148;150;245;48;2;150;152;245m‚ñÄ[0m[38;2;148;150;245;48;2;188;190;249m‚ñÄ[0m[38;2;232;233;253;48;2;248;248;254m‚ñÄ[0m[38;2;232;233;253;48;2;255;255;255m         [0m
       [48;2;255;255;255m     [0m[38;2;243;243;243;48;2;232;232;232m‚ñÄ[0m[38;2;203;203;203;48;2;235;235;235m‚ñÄ[0m[38;2;210;210;210;48;2;227;227;227m‚ñÄ[0m[38;2;211;211;211;48;2;236;236;236m‚ñÄ[0m[38;2;211;211;211;48;2;220;220;220m [0m[38;2;211;211;211;48;2;255;255;255m                                   [0m[38;2;255;255;255;48;2;232;232;253m‚ñÄ[0m[38;2;255;255;255;48;2;255;255;255m   [0m[38;2;255;255;255;48;2;245;246;254m‚ñÄ[0m[38;2;214;215;251;48;2;183;184;248m‚ñÄ[0m[38;2;211;212;251;48;2;147;149;245m‚ñÄ[0m[38;2;160;162;246;48;2;140;142;244m‚ñÄ[0m[38;2;148;150;245;48;2;109;111;242m‚ñÄ[0m[38;2;135;138;244;48;2;121;124;243m‚ñÄ[0m[38;2;111;113;242;48;2;148;150;245m‚ñÄ[0m[38;2;125;127;243;48;2;148;150;245m‚ñÄ[0m[38;2;148;150;245;48;2;163;164;246m‚ñÄ[0m[38;2;148;150;245;48;2;212;213;251m‚ñÄ[0m[38;2;156;158;246;48;2;253;253;255m‚ñÄ[0m[38;2;201;202;250;48;2;223;223;252m‚ñÄ[0m[38;2;246;247;254;48;2;255;255;255m‚ñÄ[0m[38;2;246;247;254;48;2;255;255;255m           [0m
       [48;2;255;255;255m         [0m[48;2;220;220;220m [0m[48;2;255;255;255m                       [0m[38;2;253;221;195;48;2;255;255;255m‚ñÄ[0m[38;2;255;255;255;48;2;246;247;254m‚ñÄ[0m[38;2;255;255;255;48;2;233;234;253m‚ñÄ[0m[38;2;255;255;255;48;2;255;255;255m  [0m[38;2;254;223;198;48;2;255;255;255m‚ñÄ[0m[38;2;255;251;248;48;2;205;206;250m‚ñÄ[0m[38;2;255;255;255;48;2;254;254;255m‚ñÄ[0m[38;2;255;255;255;48;2;255;255;255m  [0m[38;2;255;255;255;48;2;204;205;250m‚ñÄ[0m[38;2;255;255;255;48;2;255;255;255m [0m[38;2;223;223;252;48;2;255;255;255m‚ñÄ[0m[38;2;255;255;255;48;2;238;238;253m‚ñÄ[0m[38;2;255;255;255;48;2;177;178;247m‚ñÄ[0m[38;2;217;218;251;48;2;145;147;245m‚ñÄ[0m[38;2;154;156;246;48;2;114;117;242m‚ñÄ[0m[38;2;145;147;245;48;2;113;116;242m‚ñÄ[0m[38;2;112;115;242;48;2;144;146;245m‚ñÄ[0m[38;2;116;118;242;48;2;147;149;245m‚ñÄ[0m[38;2;147;149;245;48;2;174;175;247m‚ñÄ[0m[38;2;147;149;245;48;2;223;224;252m‚ñÄ[0m[38;2;165;166;246;48;2;255;255;255m‚ñÄ[0m[38;2;217;218;251;48;2;255;255;255m‚ñÄ[0m[38;2;254;254;255;48;2;255;255;255m‚ñÄ[0m[38;2;254;254;255;48;2;255;255;255m [0m[38;2;255;255;255;48;2;254;243;235m‚ñÄ[0m[38;2;232;232;253;48;2;253;220;192m‚ñÄ[0m[38;2;255;255;255;48;2;252;196;151m‚ñÄ[0m[38;2;254;240;228;48;2;252;188;137m‚ñÄ[0m[38;2;255;250;245;48;2;254;241;230m‚ñÄ[0m[38;2;255;250;245;48;2;255;255;255m         [0m
       [48;2;255;255;255m         [0m[48;2;220;220;220m [0m[48;2;255;255;255m      [0m[38;2;255;255;255;48;2;253;223;199m‚ñÄ[0m[38;2;255;255;255;48;2;255;255;255m             [0m[38;2;255;255;255;48;2;242;242;254m‚ñÄ[0m[38;2;255;255;255;48;2;254;254;255m‚ñÄ[0m[38;2;255;255;255;48;2;242;242;254m‚ñÄ[0m[38;2;253;221;195;48;2;255;255;255m‚ñÄ[0m[38;2;249;249;254;48;2;255;255;255m‚ñÄ[0m[38;2;238;238;253;48;2;255;247;240m‚ñÄ[0m[38;2;255;255;255;48;2;253;223;199m‚ñÄ[0m[38;2;255;255;255;48;2;242;242;254m‚ñÄ[0m[38;2;255;255;255;48;2;255;255;255m [0m[38;2;254;254;255;48;2;255;255;255m‚ñÄ[0m[38;2;248;249;254;48;2;198;199;250m‚ñÄ[0m[38;2;206;207;250;48;2;252;252;255m‚ñÄ[0m[38;2;255;255;255;48;2;244;244;254m‚ñÄ[0m[38;2;255;255;255;48;2;217;213;244m‚ñÄ[0m[38;2;251;251;255;48;2;158;160;246m‚ñÄ[0m[38;2;195;197;249;48;2;111;114;242m‚ñÄ[0m[38;2;148;150;245;48;2;101;104;241m‚ñÄ[0m[38;2;118;120;242;48;2;139;141;244m‚ñÄ[0m[38;2;111;113;242;48;2;147;149;245m‚ñÄ[0m[38;2;144;146;245;48;2;180;181;248m‚ñÄ[0m[38;2;147;149;245;48;2;230;231;253m‚ñÄ[0m[38;2;173;175;247;48;2;255;255;255m‚ñÄ[0m[38;2;230;230;253;48;2;242;242;254m‚ñÄ[0m[38;2;255;255;255;48;2;255;248;243m‚ñÄ[0m[38;2;255;255;255;48;2;253;222;197m‚ñÄ[0m[38;2;255;255;255;48;2;253;204;165m‚ñÄ[0m[38;2;255;248;243;48;2;252;189;137m‚ñÄ[0m[38;2;254;223;199;48;2;252;189;138m‚ñÄ[0m[38;2;252;199;157;48;2;252;189;138m‚ñÄ[0m[38;2;252;188;136;48;2;252;188;137m‚ñÄ[0m[38;2;252;189;138;48;2;251;174;113m‚ñÄ[0m[38;2;252;189;138;48;2;251;168;101m‚ñÄ‚ñÄ[0m[38;2;254;241;230;48;2;254;238;225m‚ñÄ[0m[38;2;254;241;230;48;2;255;255;255m         [0m
       [48;2;255;255;255m     [0m[38;2;248;248;248;48;2;250;250;250m‚ñÄ[0m[38;2;246;246;246;48;2;210;210;210m‚ñÄ[0m[38;2;242;242;242;48;2;225;225;225m‚ñÄ[0m[38;2;243;243;243;48;2;226;226;226m‚ñÄ[0m[38;2;243;243;243;48;2;220;220;220m [0m[38;2;243;243;243;48;2;255;255;255m                [0m[38;2;255;255;255;48;2;255;255;254m‚ñÄ[0m[38;2;255;255;255;48;2;255;255;255m   [0m[38;2;217;218;252;48;2;255;255;255m‚ñÄ[0m[38;2;249;250;254;48;2;254;254;255m‚ñÄ[0m[38;2;214;215;251;48;2;255;255;255m‚ñÄ[0m[38;2;214;215;251;48;2;255;255;255m  [0m[38;2;222;199;208;48;2;226;227;252m‚ñÄ[0m[38;2;254;254;255;48;2;246;246;254m‚ñÄ[0m[38;2;214;215;251;48;2;255;255;255m‚ñÄ[0m[38;2;214;215;251;48;2;255;255;255m [0m[38;2;255;255;255;48;2;250;250;254m‚ñÄ[0m[38;2;241;241;254;48;2;193;194;249m‚ñÄ[0m[38;2;223;224;252;48;2;131;134;243m‚ñÄ[0m[38;2;139;141;244;48;2;93;96;240m‚ñÄ[0m[38;2;124;115;221;48;2;130;132;243m‚ñÄ[0m[38;2;108;111;242;48;2;148;150;245m‚ñÄ[0m[38;2;138;140;244;48;2;187;188;249m‚ñÄ[0m[38;2;121;123;243;48;2;220;220;252m‚ñÄ[0m[38;2;173;174;247;48;2;232;232;252m‚ñÄ[0m[38;2;235;236;253;48;2;254;236;221m‚ñÄ[0m[38;2;255;255;255;48;2;253;211;176m‚ñÄ[0m[38;2;255;252;249;48;2;252;190;139m‚ñÄ[0m[38;2;253;217;188;48;2;252;185;130m‚ñÄ[0m[38;2;224;177;164;48;2;252;189;138m‚ñÄ[0m[38;2;251;188;137;48;2;252;179;120m‚ñÄ[0m[38;2;252;177;118;48;2;251;167;98m‚ñÄ[0m[38;2;252;187;135;48;2;251;166;98m‚ñÄ[0m[38;2;252;185;131;48;2;251;170;105m‚ñÄ[0m[38;2;251;169;102;48;2;252;186;133m‚ñÄ[0m[38;2;251;166;97;48;2;252;189;138m‚ñÄ[0m[38;2;251;167;99;48;2;252;189;138m‚ñÄ[0m[38;2;242;172;124;48;2;252;189;138m‚ñÄ[0m[38;2;242;172;124;48;2;252;189;138m  [0m[38;2;242;172;124;48;2;254;241;230m [0m[38;2;242;172;124;48;2;255;255;255m         [0m
       [48;2;255;255;255m     [0m[38;2;246;246;246;48;2;255;255;255m‚ñÄ[0m[38;2;226;226;226;48;2;255;255;255m‚ñÄ[0m[38;2;231;231;231;48;2;255;255;255m‚ñÄ[0m[38;2;237;237;237;48;2;255;255;255m‚ñÄ[0m[38;2;237;237;237;48;2;220;220;220m [0m[38;2;237;237;237;48;2;255;255;255m        [0m[38;2;255;254;254;48;2;254;229;208m‚ñÄ[0m[38;2;255;255;255;48;2;255;246;239m‚ñÄ[0m[38;2;255;255;255;48;2;255;255;255m   [0m[38;2;255;255;254;48;2;254;236;221m‚ñÄ[0m[38;2;255;255;255;48;2;254;241;230m‚ñÄ[0m[38;2;254;242;232;48;2;255;255;255m‚ñÄ[0m[38;2;254;234;219;48;2;253;197;152m‚ñÄ[0m[38;2;229;229;253;48;2;230;230;251m‚ñÄ[0m[38;2;250;250;254;48;2;211;172;178m‚ñÄ[0m[38;2;254;227;206;48;2;255;255;255m‚ñÄ[0m[38;2;244;227;222;48;2;247;210;186m‚ñÄ[0m[38;2;201;202;250;48;2;187;189;249m‚ñÄ[0m[38;2;242;242;254;48;2;254;254;255m‚ñÄ[0m[38;2;255;254;254;48;2;253;222;196m‚ñÄ[0m[38;2;255;254;254;48;2;255;255;255m [0m[38;2;241;211;198;48;2;242;242;254m‚ñÄ[0m[38;2;232;233;253;48;2;181;182;248m‚ñÄ[0m[38;2;253;252;254;48;2;149;137;220m‚ñÄ[0m[38;2;210;210;251;48;2;108;109;238m‚ñÄ[0m[38;2;143;145;245;48;2;122;124;243m‚ñÄ[0m[38;2;102;105;241;48;2;159;160;246m‚ñÄ[0m[38;2;126;128;243;48;2;208;209;251m‚ñÄ[0m[38;2;154;156;245;48;2;251;241;235m‚ñÄ[0m[38;2;197;198;249;48;2;253;219;191m‚ñÄ[0m[38;2;244;244;253;48;2;252;194;148m‚ñÄ[0m[38;2;254;238;224;48;2;252;189;137m‚ñÄ[0m[38;2;253;216;185;48;2;252;179;121m‚ñÄ[0m[38;2;252;194;147;48;2;251;167;98m‚ñÄ[0m[38;2;252;189;137;48;2;251;166;98m‚ñÄ[0m[38;2;251;185;131;48;2;241;160;104m‚ñÄ[0m[38;2;251;170;105;48;2;252;186;133m‚ñÄ[0m[38;2;251;168;101;48;2;252;189;138m‚ñÄ‚ñÄ[0m[38;2;252;177;117;48;2;252;189;138m‚ñÄ[0m[38;2;252;189;138;48;2;252;188;136m‚ñÄ[0m[38;2;252;189;138;48;2;252;200;157m‚ñÄ[0m[38;2;252;189;138;48;2;253;214;183m‚ñÄ[0m[38;2;252;189;138;48;2;254;229;208m‚ñÄ[0m[38;2;252;188;137;48;2;254;244;235m‚ñÄ[0m[38;2;252;191;141;48;2;255;255;254m‚ñÄ[0m[38;2;253;204;165;48;2;255;255;255m‚ñÄ[0m[38;2;253;217;188;48;2;255;255;255m‚ñÄ[0m[38;2;254;230;211;48;2;255;255;255m‚ñÄ[0m[38;2;255;252;249;48;2;255;255;255m‚ñÄ[0m[38;2;255;252;249;48;2;255;255;255m         [0m
       [48;2;255;255;255m  [0m[38;2;255;255;255;48;2;252;252;252m‚ñÄ[0m[38;2;203;203;203;48;2;200;200;200m‚ñÄ[0m[38;2;205;205;205;48;2;204;204;204m‚ñÄ[0m[38;2;205;205;205;48;2;255;255;255m    [0m[38;2;205;205;205;48;2;220;220;220m [0m[38;2;205;205;205;48;2;255;255;255m          [0m[38;2;255;255;255;48;2;232;232;253m‚ñÄ[0m[38;2;255;255;255;48;2;223;224;252m‚ñÄ[0m[38;2;255;252;250;48;2;254;236;222m‚ñÄ[0m[38;2;255;254;252;48;2;255;242;233m‚ñÄ[0m[38;2;255;255;255;48;2;254;254;255m‚ñÄ[0m[38;2;233;234;253;48;2;255;255;255m‚ñÄ[0m[38;2;209;210;251;48;2;159;161;245m‚ñÄ[0m[38;2;236;230;242;48;2;183;175;230m‚ñÄ[0m[38;2;252;228;210;48;2;248;234;229m‚ñÄ[0m[38;2;233;234;253;48;2;223;223;252m‚ñÄ[0m[38;2;255;251;249;48;2;197;187;229m‚ñÄ[0m[38;2;239;234;245;48;2;206;193;225m‚ñÄ[0m[38;2;247;244;248;48;2;241;213;201m‚ñÄ[0m[38;2;255;255;255;48;2;180;182;248m‚ñÄ[0m[38;2;158;160;246;48;2;93;97;240m‚ñÄ[0m[38;2;120;122;242;48;2;109;112;242m‚ñÄ[0m[38;2;111;114;242;48;2;174;160;220m‚ñÄ[0m[38;2;118;120;242;48;2;228;179;161m‚ñÄ[0m[38;2;170;171;247;48;2;252;199;156m‚ñÄ[0m[38;2;216;206;233;48;2;252;179;120m‚ñÄ[0m[38;2;252;221;196;48;2;251;167;98m‚ñÄ[0m[38;2;252;200;157;48;2;251;166;98m‚ñÄ[0m[38;2;252;185;131;48;2;251;170;104m‚ñÄ[0m[38;2;251;171;106;48;2;252;186;132m‚ñÄ[0m[38;2;251;168;101;48;2;252;188;137m‚ñÄ[0m[38;2;251;149;67;48;2;252;186;134m‚ñÄ[0m[38;2;252;176;116;48;2;253;205;166m‚ñÄ[0m[38;2;252;189;137;48;2;253;219;192m‚ñÄ[0m[38;2;252;189;138;48;2;254;235;219m‚ñÄ[0m[38;2;252;188;136;48;2;255;251;248m‚ñÄ[0m[38;2;252;198;155;48;2;255;255;255m‚ñÄ[0m[38;2;253;212;179;48;2;255;255;255m‚ñÄ[0m[38;2;254;226;203;48;2;255;255;255m‚ñÄ[0m[38;2;254;239;227;48;2;255;255;255m‚ñÄ[0m[38;2;255;253;251;48;2;255;255;255m‚ñÄ[0m[38;2;255;253;251;48;2;255;255;255m [0m[38;2;255;254;254;48;2;255;251;249m‚ñÄ[0m[38;2;255;247;242;48;2;254;233;217m‚ñÄ[0m[38;2;255;247;242;48;2;255;255;255m               [0m
       [48;2;255;255;255m   [0m[38;2;198;198;198;48;2;255;255;255m‚ñÄ[0m[38;2;225;225;225;48;2;255;255;255m‚ñÄ[0m[38;2;255;255;255;48;2;249;249;249m‚ñÄ[0m[38;2;255;255;255;48;2;247;247;247m‚ñÄ[0m[38;2;255;255;255;48;2;248;248;248m‚ñÄ[0m[38;2;255;255;255;48;2;247;247;247m‚ñÄ[0m[38;2;255;255;255;48;2;220;220;220m [0m[38;2;255;255;255;48;2;255;255;255m             [0m[38;2;232;232;253;48;2;192;193;249m‚ñÄ[0m[38;2;194;195;249;48;2;193;181;226m‚ñÄ[0m[38;2;253;217;188;48;2;221;180;174m‚ñÄ[0m[38;2;220;191;196;48;2;202;203;250m‚ñÄ[0m[38;2;216;200;221;48;2;220;180;176m‚ñÄ[0m[38;2;213;211;247;48;2;149;150;243m‚ñÄ[0m[38;2;205;206;250;48;2;197;164;186m‚ñÄ[0m[38;2;228;194;188;48;2;107;102;226m‚ñÄ[0m[38;2;214;215;251;48;2;130;96;177m‚ñÄ[0m[38;2;112;115;242;48;2;194;122;115m‚ñÄ[0m[38;2;113;104;219;48;2;234;151;98m‚ñÄ[0m[38;2;184;153;188;48;2;237;153;99m‚ñÄ[0m[38;2;229;177;154;48;2;251;169;102m‚ñÄ[0m[38;2;251;172;108;48;2;252;182;126m‚ñÄ[0m[38;2;248;157;88;48;2;252;201;161m‚ñÄ[0m[38;2;251;166;98;48;2;253;200;158m‚ñÄ[0m[38;2;252;175;114;48;2;253;206;167m‚ñÄ[0m[38;2;252;179;121;48;2;254;242;231m‚ñÄ[0m[38;2;252;192;144;48;2;255;253;252m‚ñÄ[0m[38;2;252;189;137;48;2;255;255;255m‚ñÄ[0m[38;2;253;204;165;48;2;255;252;249m‚ñÄ[0m[38;2;254;234;219;48;2;255;254;254m‚ñÄ[0m[38;2;255;255;254;48;2;255;255;255m‚ñÄ[0m[38;2;255;255;254;48;2;255;255;255m   [0m[38;2;255;255;255;48;2;253;215;185m‚ñÄ[0m[38;2;255;255;255;48;2;254;230;210m‚ñÄ[0m[38;2;255;255;255;48;2;255;247;240m‚ñÄ[0m[38;2;255;255;255;48;2;254;232;213m‚ñÄ[0m[38;2;255;255;255;48;2;255;255;255m                    [0m
       [48;2;255;255;255m     [0m[38;2;250;250;250;48;2;245;245;245m‚ñÄ[0m[38;2;210;210;210;48;2;224;224;224m‚ñÄ[0m[38;2;211;211;211;48;2;227;227;227m‚ñÄ[0m[38;2;213;213;213;48;2;236;236;236m‚ñÄ[0m[38;2;213;213;213;48;2;220;220;220m [0m[38;2;213;213;213;48;2;255;255;255m         [0m[38;2;254;254;255;48;2;201;202;250m‚ñÄ[0m[38;2;255;255;255;48;2;254;230;212m‚ñÄ[0m[38;2;255;255;255;48;2;223;222;249m‚ñÄ[0m[38;2;180;182;248;48;2;190;163;197m‚ñÄ[0m[38;2;248;248;254;48;2;208;177;192m‚ñÄ[0m[38;2;255;255;255;48;2;247;201;168m‚ñÄ[0m[38;2;255;254;253;48;2;245;177;128m‚ñÄ[0m[38;2;238;222;223;48;2;223;142;102m‚ñÄ[0m[38;2;194;162;187;48;2;188;112;106m‚ñÄ[0m[38;2;179;141;176;48;2;201;124;106m‚ñÄ[0m[38;2;153;99;142;48;2;244;177;130m‚ñÄ[0m[38;2;203;125;104;48;2;239;195;173m‚ñÄ[0m[38;2;242;157;97;48;2;253;227;208m‚ñÄ[0m[38;2;251;174;112;48;2;255;248;243m‚ñÄ[0m[38;2;252;200;157;48;2;254;254;255m‚ñÄ[0m[38;2;253;217;188;48;2;197;198;250m‚ñÄ[0m[38;2;254;234;218;48;2;255;255;255m‚ñÄ[0m[38;2;255;252;250;48;2;255;255;255m‚ñÄ[0m[38;2;255;252;250;48;2;255;255;255m [0m[38;2;255;255;255;48;2;255;246;238m‚ñÄ[0m[38;2;255;255;255;48;2;254;230;210m‚ñÄ[0m[38;2;255;255;255;48;2;255;255;255m               [0m[38;2;255;255;255;48;2;255;248;243m‚ñÄ[0m[38;2;255;255;255;48;2;254;237;223m‚ñÄ[0m[38;2;255;255;255;48;2;255;255;255m                [0m
       [48;2;255;255;255m         [0m[48;2;220;220;220m [0m[48;2;255;255;255m   [0m[38;2;255;255;255;48;2;254;243;234m‚ñÄ[0m[38;2;255;255;255;48;2;254;228;206m‚ñÄ[0m[38;2;255;255;255;48;2;253;213;180m‚ñÄ[0m[38;2;255;255;255;48;2;252;197;152m‚ñÄ[0m[38;2;255;249;245;48;2;252;187;135m‚ñÄ[0m[38;2;254;234;217;48;2;252;185;131m‚ñÄ[0m[38;2;253;219;192;48;2;251;169;102m‚ñÄ[0m[38;2;247;191;150;48;2;250;165;98m‚ñÄ[0m[38;2;235;172;136;48;2;232;135;75m‚ñÄ[0m[38;2;246;165;104;48;2;199;124;110m‚ñÄ[0m[38;2;233;149;98;48;2;132;104;188m‚ñÄ[0m[38;2;204;130;112;48;2;121;105;209m‚ñÄ[0m[38;2;157;101;139;48;2;148;140;226m‚ñÄ[0m[38;2;168;125;165;48;2;232;232;253m‚ñÄ[0m[38;2;184;150;183;48;2;254;254;255m‚ñÄ[0m[38;2;210;194;220;48;2;241;241;254m‚ñÄ[0m[38;2;255;254;253;48;2;255;255;255m‚ñÄ[0m[38;2;220;220;252;48;2;211;212;251m‚ñÄ[0m[38;2;250;250;254;48;2;241;241;254m‚ñÄ[0m[38;2;255;255;255;48;2;232;233;253m‚ñÄ[0m[38;2;255;255;255;48;2;224;224;252m‚ñÄ[0m[38;2;255;255;255;48;2;255;255;255m                     [0m[38;2;255;253;252;48;2;255;255;255m‚ñÄ[0m[38;2;255;249;244;48;2;255;255;255m‚ñÄ[0m[38;2;255;249;244;48;2;255;255;255m                [0m
       [48;2;255;255;255m         [0m[48;2;220;220;220m [0m[48;2;255;255;255m [0m[38;2;254;243;233;48;2;254;237;223m‚ñÄ[0m[38;2;252;191;142;48;2;251;169;102m‚ñÄ[0m[38;2;252;188;137;48;2;251;166;98m‚ñÄ[0m[38;2;252;188;137;48;2;251;167;99m‚ñÄ[0m[38;2;252;175;113;48;2;252;181;124m‚ñÄ[0m[38;2;240;157;100;48;2;244;181;137m‚ñÄ[0m[38;2;240;157;100;48;2;222;153;124m‚ñÄ[0m[38;2;243;163;107;48;2;177;143;182m‚ñÄ[0m[38;2;234;158;111;48;2;120;105;210m‚ñÄ[0m[38;2;188;129;137;48;2;115;114;236m‚ñÄ[0m[38;2;121;90;183;48;2;151;153;245m‚ñÄ[0m[38;2;116;92;194;48;2;228;218;234m‚ñÄ[0m[38;2;170;139;187;48;2;243;229;227m‚ñÄ[0m[38;2;232;182;161;48;2;203;197;238m‚ñÄ[0m[38;2;233;189;170;48;2;249;237;232m‚ñÄ[0m[38;2;214;214;250;48;2;237;237;253m‚ñÄ[0m[38;2;254;232;215;48;2;255;246;239m‚ñÄ[0m[38;2;255;254;254;48;2;255;255;255m‚ñÄ[0m[38;2;218;219;252;48;2;241;241;254m‚ñÄ[0m[38;2;207;208;251;48;2;248;248;254m‚ñÄ[0m[38;2;207;208;251;48;2;255;255;255m [0m[38;2;254;238;225;48;2;255;248;243m‚ñÄ[0m[38;2;254;248;244;48;2;255;253;252m‚ñÄ[0m[38;2;240;198;175;48;2;245;236;237m‚ñÄ[0m[38;2;239;239;254;48;2;249;249;254m‚ñÄ[0m[38;2;239;239;254;48;2;255;255;255m [0m[38;2;254;232;214;48;2;255;246;239m‚ñÄ[0m[38;2;254;254;255;48;2;255;255;255m‚ñÄ[0m[38;2;205;206;250;48;2;255;255;255m‚ñÄ[0m[38;2;254;235;219;48;2;255;247;241m‚ñÄ[0m[38;2;254;232;214;48;2;255;246;239m‚ñÄ[0m[38;2;254;232;214;48;2;255;255;255m                               [0m
       [48;2;255;255;255m     [0m[38;2;253;253;253;48;2;213;213;213m‚ñÄ[0m[38;2;241;241;241;48;2;209;209;209m‚ñÄ[0m[38;2;242;242;242;48;2;227;227;227m‚ñÄ[0m[38;2;243;243;243;48;2;225;225;225m‚ñÄ[0m[38;2;243;243;243;48;2;220;220;220m [0m[38;2;243;243;243;48;2;255;255;255m [0m[38;2;254;236;221;48;2;254;242;231m‚ñÄ[0m[38;2;252;186;133;48;2;244;198;169m‚ñÄ[0m[38;2;252;189;138;48;2;198;176;206m‚ñÄ[0m[38;2;250;188;140;48;2;155;154;241m‚ñÄ[0m[38;2;209;168;173;48;2;120;122;243m‚ñÄ[0m[38;2;165;149;213;48;2;111;114;242m‚ñÄ[0m[38;2;116;118;242;48;2;144;146;245m‚ñÄ[0m[38;2;106;109;241;48;2;197;198;249m‚ñÄ[0m[38;2;113;116;242;48;2;153;145;227m‚ñÄ[0m[38;2;217;185;192;48;2;255;247;240m‚ñÄ[0m[38;2;214;215;251;48;2;210;211;251m‚ñÄ[0m[38;2;240;240;254;48;2;223;221;248m‚ñÄ[0m[38;2;255;255;255;48;2;233;232;250m‚ñÄ[0m[38;2;255;255;255;48;2;254;242;232m‚ñÄ[0m[38;2;255;255;255;48;2;254;236;223m‚ñÄ[0m[38;2;255;255;255;48;2;255;255;255m [0m[38;2;206;207;251;48;2;249;249;254m‚ñÄ[0m[38;2;206;207;251;48;2;255;255;255m                                             [0m
       [48;2;255;255;255m     [0m[38;2;247;247;247;48;2;255;255;255m‚ñÄ[0m[38;2;231;231;231;48;2;255;255;255m‚ñÄ[0m[38;2;229;229;229;48;2;255;255;255m‚ñÄ[0m[38;2;239;239;239;48;2;255;255;255m‚ñÄ[0m[38;2;239;239;239;48;2;220;220;220m [0m[38;2;239;239;239;48;2;255;255;255m [0m[38;2;236;237;253;48;2;220;221;252m‚ñÄ[0m[38;2;150;152;245;48;2;108;111;242m‚ñÄ[0m[38;2;123;125;243;48;2;133;135;244m‚ñÄ[0m[38;2;108;111;241;48;2;158;160;246m‚ñÄ[0m[38;2;137;139;244;48;2;221;221;252m‚ñÄ[0m[38;2;180;181;248;48;2;227;204;208m‚ñÄ[0m[38;2;210;211;251;48;2;201;193;235m‚ñÄ[0m[38;2;254;254;255;48;2;203;204;250m‚ñÄ[0m[38;2;187;180;234;48;2;230;231;253m‚ñÄ[0m[38;2;209;194;220;48;2;195;189;235m‚ñÄ[0m[38;2;228;203;204;48;2;239;221;219m‚ñÄ[0m[38;2;245;227;221;48;2;249;249;254m‚ñÄ[0m[38;2;255;242;233;48;2;255;255;255m‚ñÄ[0m[38;2;241;241;254;48;2;255;255;255m‚ñÄ[0m[38;2;213;195;216;48;2;254;241;230m‚ñÄ[0m[38;2;213;195;216;48;2;255;255;255m  [0m[38;2;241;242;254;48;2;245;246;254m‚ñÄ[0m[38;2;236;237;253;48;2;242;242;254m‚ñÄ[0m[38;2;236;237;253;48;2;255;255;255m      [0m[38;2;231;232;253;48;2;238;238;253m‚ñÄ[0m[38;2;246;247;254;48;2;249;249;254m‚ñÄ[0m[38;2;246;247;254;48;2;255;255;255m                                   [0m
       [48;2;255;255;255m         [0m[48;2;220;220;220m [0m[48;2;255;255;255m [0m[38;2;230;231;253;48;2;244;245;254m‚ñÄ[0m[38;2;150;152;245;48;2;241;241;254m‚ñÄ[0m[38;2;200;201;250;48;2;255;255;255m‚ñÄ[0m[38;2;252;252;255;48;2;255;255;255m‚ñÄ[0m[38;2;252;252;255;48;2;255;255;255m  [0m[38;2;255;255;255;48;2;200;201;250m‚ñÄ[0m[38;2;224;224;252;48;2;254;254;255m‚ñÄ[0m[38;2;234;234;253;48;2;161;162;246m‚ñÄ[0m[38;2;255;255;255;48;2;241;241;254m‚ñÄ[0m[38;2;255;255;255;48;2;255;255;255m       [0m[38;2;204;205;250;48;2;255;255;255m‚ñÄ[0m[38;2;204;205;250;48;2;255;255;255m                                            [0m
       [48;2;255;255;255m     [0m[38;2;255;255;255;48;2;253;253;253m‚ñÄ[0m[38;2;255;255;255;48;2;241;241;241m‚ñÄ[0m[38;2;255;255;255;48;2;248;248;248m‚ñÄ[0m[38;2;255;255;255;48;2;247;247;247m‚ñÄ[0m[38;2;255;255;255;48;2;220;220;220m [0m[38;2;255;255;255;48;2;255;255;255m            [0m[38;2;255;254;254;48;2;253;219;191m‚ñÄ[0m[38;2;255;254;254;48;2;255;255;255m                    [0m[38;2;254;227;206;48;2;255;255;255m‚ñÄ[0m[38;2;255;251;248;48;2;255;255;255m‚ñÄ[0m[38;2;255;251;248;48;2;255;255;255m                            [0m
       [48;2;255;255;255m     [0m[38;2;213;213;213;48;2;244;244;244m‚ñÄ[0m[38;2;209;209;209;48;2;230;230;230m‚ñÄ[0m[38;2;211;211;211;48;2;229;229;229m‚ñÄ[0m[38;2;213;213;213;48;2;238;238;238m‚ñÄ[0m[38;2;213;213;213;48;2;220;220;220m [0m[38;2;213;213;213;48;2;255;255;255m [0m[38;2;254;230;210;48;2;255;255;255m‚ñÄ[0m[38;2;255;246;239;48;2;255;255;255m‚ñÄ[0m[38;2;255;246;239;48;2;255;255;255m [0m[38;2;253;219;191;48;2;255;255;255m‚ñÄ[0m[38;2;255;254;254;48;2;255;255;255m‚ñÄ[0m[38;2;200;201;250;48;2;255;255;255m‚ñÄ[0m[38;2;200;201;250;48;2;255;255;255m    [0m[38;2;254;241;230;48;2;255;255;255m‚ñÄ[0m[38;2;254;234;217;48;2;255;255;255m‚ñÄ[0m[38;2;254;234;217;48;2;255;255;255m   [0m[38;2;203;204;250;48;2;255;255;255m‚ñÄ[0m[38;2;248;249;254;48;2;255;255;255m‚ñÄ[0m[38;2;248;249;254;48;2;255;255;255m                                             [0m
       [48;2;255;255;255m         [0m[38;2;206;206;206;48;2;255;255;255m‚ñÄ[0m[38;2;217;217;217;48;2;255;255;255m‚ñÄ‚ñÄ‚ñÄ‚ñÄ‚ñÄ‚ñÄ‚ñÄ[0m[38;2;217;217;217;48;2;226;226;226m‚ñÄ[0m[38;2;217;217;217;48;2;231;231;231m‚ñÄ[0m[38;2;217;217;217;48;2;206;206;206m‚ñÄ[0m[38;2;217;217;217;48;2;168;168;168m‚ñÄ[0m[38;2;217;217;217;48;2;255;255;255m‚ñÄ‚ñÄ‚ñÄ‚ñÄ‚ñÄ‚ñÄ‚ñÄ‚ñÄ[0m[38;2;217;217;217;48;2;204;204;204m‚ñÄ[0m[38;2;217;217;217;48;2;215;215;215m‚ñÄ[0m[38;2;217;217;217;48;2;255;255;255m‚ñÄ‚ñÄ‚ñÄ‚ñÄ‚ñÄ‚ñÄ‚ñÄ‚ñÄ[0m[38;2;217;217;217;48;2;206;206;206m‚ñÄ[0m[38;2;217;217;217;48;2;209;209;209m‚ñÄ[0m[38;2;217;217;217;48;2;207;207;207m‚ñÄ[0m[38;2;217;217;217;48;2;255;255;255m‚ñÄ‚ñÄ‚ñÄ‚ñÄ‚ñÄ‚ñÄ‚ñÄ‚ñÄ[0m[38;2;217;217;217;48;2;187;187;187m‚ñÄ[0m[38;2;217;217;217;48;2;203;203;203m‚ñÄ[0m[38;2;217;217;217;48;2;217;217;217m [0m[38;2;217;217;217;48;2;255;255;255m‚ñÄ‚ñÄ‚ñÄ‚ñÄ‚ñÄ‚ñÄ‚ñÄ[0m[38;2;217;217;217;48;2;252;252;252m‚ñÄ[0m[38;2;217;217;217;48;2;187;187;187m‚ñÄ[0m[38;2;217;217;217;48;2;165;165;165m‚ñÄ[0m[38;2;217;217;217;48;2;251;251;251m‚ñÄ[0m[38;2;217;217;217;48;2;255;255;255m‚ñÄ[0m[38;2;225;225;225;48;2;255;255;255m‚ñÄ[0m[38;2;225;225;225;48;2;255;255;255m       [0m
       [48;2;255;255;255m                  [0m[38;2;250;250;250;48;2;255;255;255m‚ñÄ[0m[38;2;218;218;218;48;2;255;255;255m‚ñÄ[0m[38;2;209;209;209;48;2;255;255;255m‚ñÄ[0m[38;2;209;209;209;48;2;255;255;255m        [0m[38;2;226;226;226;48;2;255;255;255m‚ñÄ[0m[38;2;237;237;237;48;2;255;255;255m‚ñÄ[0m[38;2;237;237;237;48;2;255;255;255m  [0m[38;2;255;255;255;48;2;242;242;242m‚ñÄ[0m[38;2;255;255;255;48;2;255;255;255m [0m[38;2;255;255;255;48;2;242;242;242m‚ñÄ[0m[38;2;255;255;255;48;2;255;255;255m [0m[38;2;255;255;255;48;2;236;236;236m‚ñÄ[0m[38;2;255;255;255;48;2;237;237;237m‚ñÄ[0m[38;2;227;227;227;48;2;252;252;252m‚ñÄ[0m[38;2;222;222;222;48;2;227;227;227m‚ñÄ[0m[38;2;228;228;228;48;2;236;236;236m‚ñÄ[0m[38;2;228;228;228;48;2;255;255;255m        [0m[38;2;206;206;206;48;2;255;255;255m‚ñÄ[0m[38;2;225;225;225;48;2;255;255;255m‚ñÄ[0m[38;2;238;238;238;48;2;255;255;255m‚ñÄ[0m[38;2;238;238;238;48;2;255;255;255m       [0m[38;2;250;250;250;48;2;255;255;255m‚ñÄ[0m[38;2;220;220;220;48;2;255;255;255m‚ñÄ[0m[38;2;206;206;206;48;2;255;255;255m‚ñÄ[0m[38;2;254;254;254;48;2;255;255;255m‚ñÄ[0m[38;2;254;254;254;48;2;255;255;255m         [0m
       [48;2;255;255;255m                                 [0m[38;2;195;195;195;48;2;240;240;240m‚ñÄ[0m[38;2;164;164;164;48;2;236;236;236m‚ñÄ[0m[38;2;180;180;180;48;2;240;240;240m‚ñÄ[0m[38;2;175;175;175;48;2;238;238;238m‚ñÄ[0m[38;2;188;188;188;48;2;244;244;244m‚ñÄ[0m[38;2;217;217;217;48;2;249;249;249m‚ñÄ[0m[38;2;182;182;182;48;2;239;239;239m‚ñÄ[0m[38;2;173;173;173;48;2;242;242;242m‚ñÄ[0m[38;2;214;214;214;48;2;249;249;249m‚ñÄ[0m[38;2;214;214;214;48;2;255;255;255m                               [0m
                                                                                
