     â•­â”€â”€â”€â”€â”€â”€â”€â”€â”€â”€â”€â”€â”€â”€â”€â”€â”€â”€â”€â”€â”€â”€â”€â”€â”€â”€â”€â”€â”€â”€â”€â”€â”€â”€â”€â”€â”€â”€â”€â”€â”€â”€â”€â”€â”€â”€â”€â”€â”€â”€â”€â”€â”€â”€â”€â”€â”€â”€â”€â”€â”€â”€â”€â”€â”€â”€â”€â”€â”€â”€â”€â”€â”€â•®
[38;5;247m[4]:[0m â”‚ [38;2;137;221;255;49m%[0m[38;2;187;128;179;49mdebug[0m                                                                  â”‚
     â•°â”€â”€â”€â”€â”€â”€â”€â”€â”€â”€â”€â”€â”€â”€â”€â”€â”€â”€â”€â”€â”€â”€â”€â”€â”€â”€â”€â”€â”€â”€â”€â”€â”€â”€â”€â”€â”€â”€â”€â”€â”€â”€â”€â”€â”€â”€â”€â”€â”€â”€â”€â”€â”€â”€â”€â”€â”€â”€â”€â”€â”€â”€â”€â”€â”€â”€â”€â”€â”€â”€â”€â”€â”€â•¯
                                                                                
      > [1;32m<ipython-input-4-a2d401806d89>[0m(1)[0;36m<module>[1;34m()[0m     
      [1;32m----> 1                                                             
      [1;33m[0m_jupyterlab_variableinspector_dict_list[0m[1;33m([0m[1;33m)[0m[1â€¦
      [0m                                                                       
                                                                                
      ipdb>  ll                                                                 
                                                                                
      [1;32m----> 1                                                             
      [1;33m[0m_jupyterlab_variableinspector_dict_list[0m[1;33m([0m[1;33m)[0m[1â€¦
      [0m                                                                       
                                                                                
      ipdb>  sticky                                                             
                                                                                
      *** NameError: name 'sticky' is not defined                               
                                                                                
      ipdb>  q                                                                  
