     â•­â”€â”€â”€â”€â”€â”€â”€â”€â”€â”€â”€â”€â”€â”€â”€â”€â”€â”€â”€â”€â”€â”€â”€â”€â”€â”€â”€â”€â”€â”€â”€â”€â”€â”€â”€â”€â”€â”€â”€â”€â”€â”€â”€â”€â”€â”€â”€â”€â”€â”€â”€â”€â”€â”€â”€â”€â”€â”€â”€â”€â”€â”€â”€â”€â”€â”€â”€â”€â”€â”€â”€â”€â”€â•®
[38;5;247m[1]:[0m â”‚                                                                         â”‚
     â•°â”€â”€â”€â”€â”€â”€â”€â”€â”€â”€â”€â”€â”€â”€â”€â”€â”€â”€â”€â”€â”€â”€â”€â”€â”€â”€â”€â”€â”€â”€â”€â”€â”€â”€â”€â”€â”€â”€â”€â”€â”€â”€â”€â”€â”€â”€â”€â”€â”€â”€â”€â”€â”€â”€â”€â”€â”€â”€â”€â”€â”€â”€â”€â”€â”€â”€â”€â”€â”€â”€â”€â”€â”€â•¯
                                                                                
[38;5;247m[1]:[0m  <AxesSubplot:>                                                            
                                                                                
      ]8;id=188216;file://{{ tempfile_path }}0.png\[94mðŸ–¼ Click to view Image[0m]8;;\                                                     
                                                                                
              [38;2;204;204;204mâ–„â–„â–„â–„â–„â–„â–„â–„[0m[38;2;198;198;198mâ–„[0m[38;2;202;202;202mâ–„[0m[38;2;204;204;204mâ–„â–„â–„â–„â–„â–„â–„â–„â–„â–„[0m[38;2;198;198;198mâ–„[0m[38;2;204;204;204mâ–„â–„â–„â–„â–„â–„â–„â–„â–„â–„â–„[0m[38;2;198;198;198mâ–„[0m[38;2;204;204;204mâ–„â–„â–„â–„â–„â–„â–„â–„â–„â–„â–„[0m[38;2;198;198;198mâ–„[0m[38;2;204;204;204mâ–„â–„â–„â–„â–„â–„â–„â–„â–„â–„[0m[38;2;202;202;202mâ–„[0m[38;2;198;198;198mâ–„[0m[38;2;204;204;204mâ–„â–„â–„â–„â–„â–„â–„[0m[38;2;163;163;163mâ–„[0m 
        [38;2;20;20;20;48;2;24;24;24mâ–€[0m[38;2;22;22;22mâ–„[0m[38;2;26;26;26mâ–„[0m   [38;2;254;254;254;48;2;248;248;248mâ–€â–€â–€â–€â–€â–€â–€â–€[0m[38;2;247;247;247;48;2;242;242;242mâ–€[0m[38;2;253;253;253;48;2;247;247;247mâ–€[0m[38;2;254;254;254;48;2;248;248;248mâ–€â–€â–€â–€â–€â–€â–€â–€â–€â–€[0m[38;2;246;246;246;48;2;242;242;242mâ–€[0m[38;2;254;254;254;48;2;248;248;248mâ–€â–€â–€â–€â–€â–€â–€â–€â–€â–€â–€[0m[38;2;247;247;247;48;2;242;242;242mâ–€[0m[38;2;254;254;254;48;2;248;248;248mâ–€â–€â–€â–€â–€â–€â–€â–€â–€â–€â–€[0m[38;2;247;247;247;48;2;242;242;242mâ–€[0m[38;2;254;254;254;48;2;248;248;248mâ–€â–€â–€â–€â–€â–€â–€â–€â–€â–€[0m[38;2;253;253;253;48;2;247;247;247mâ–€[0m[38;2;248;248;248;48;2;243;243;243mâ–€[0m[38;2;254;254;254;48;2;248;248;248mâ–€â–€â–€â–€â–€â–€â–€[0m[38;2;202;202;202;48;2;198;198;198mâ–€[0m 
        [38;2;20;20;20mâ–€[0m     [48;2;255;255;255m        [0m[48;2;248;248;248m [0m[48;2;254;254;254m [0m[48;2;255;255;255m          [0m[48;2;247;247;247m [0m[48;2;255;255;255m           [0m[48;2;248;248;248m [0m[48;2;255;255;255m           [0m[48;2;248;248;248m [0m[48;2;255;255;255m         [0m[38;2;248;244;254;48;2;255;255;255mâ–€[0m[38;2;177;128;246;48;2;254;254;254mâ–€[0m[38;2;174;124;243;48;2;249;249;249mâ–€[0m[38;2;177;127;246;48;2;255;255;255mâ–€â–€[0m[38;2;186;143;247;48;2;255;255;255mâ–€[0m[38;2;186;143;247;48;2;255;255;255m [0m[38;2;238;238;238;48;2;245;245;245mâ–€[0m[38;2;210;210;210;48;2;234;234;234mâ–€[0m[38;2;210;210;210;48;2;255;255;255m [0m[38;2;210;210;210;48;2;204;204;204m [0m 
              [48;2;255;255;255m        [0m[48;2;248;248;248m [0m[48;2;254;254;254m [0m[48;2;255;255;255m          [0m[48;2;247;247;247m [0m[48;2;255;255;255m           [0m[48;2;248;248;248m [0m[48;2;255;255;255m           [0m[48;2;248;248;248m [0m[48;2;255;255;255m          [0m[48;2;254;254;254m [0m[48;2;249;249;249m [0m[48;2;255;255;255m    [0m[38;2;255;255;255;48;2;231;231;231mâ–€[0m[38;2;255;255;255;48;2;243;243;243mâ–€[0m[38;2;255;255;255;48;2;255;255;255m [0m[38;2;255;255;255;48;2;204;204;204m [0m 
              [48;2;255;255;255m        [0m[48;2;248;248;248m [0m[48;2;254;254;254m [0m[48;2;255;255;255m          [0m[48;2;247;247;247m [0m[48;2;255;255;255m           [0m[48;2;248;248;248m [0m[48;2;255;255;255m           [0m[48;2;248;248;248m [0m[48;2;255;255;255m         [0m[38;2;246;252;252;48;2;255;255;255mâ–€[0m[38;2;149;216;220;48;2;254;254;254mâ–€[0m[38;2;145;213;217;48;2;249;249;249mâ–€[0m[38;2;149;216;220;48;2;255;255;255mâ–€â–€[0m[38;2;162;221;225;48;2;255;255;255mâ–€[0m[38;2;162;221;225;48;2;255;255;255m [0m[38;2;225;225;225;48;2;255;255;255mâ–€[0m[38;2;220;220;220;48;2;255;255;255mâ–€[0m[38;2;220;220;220;48;2;255;255;255m [0m[38;2;220;220;220;48;2;204;204;204m [0m 
        [38;2;25;25;25;48;2;27;27;27mâ–€[0m[38;2;23;23;23;48;2;35;35;35mâ–€[0m[38;2;19;19;19;48;2;24;24;24mâ–€[0m   [38;2;248;248;248;48;2;254;254;254mâ–€â–€â–€â–€â–€â–€â–€â–€[0m[38;2;242;242;242;48;2;247;247;247mâ–€[0m[38;2;247;247;247;48;2;253;253;253mâ–€[0m[38;2;248;248;248;48;2;254;254;254mâ–€â–€â–€â–€â–€â–€â–€â–€â–€â–€[0m[38;2;242;242;242;48;2;246;246;246mâ–€[0m[38;2;248;248;248;48;2;254;254;254mâ–€â–€â–€â–€â–€â–€â–€â–€â–€â–€â–€[0m[38;2;242;242;242;48;2;247;247;247mâ–€[0m[38;2;248;248;248;48;2;254;254;254mâ–€â–€â–€â–€â–€â–€â–€â–€â–€â–€â–€[0m[38;2;242;242;242;48;2;247;247;247mâ–€[0m[38;2;248;248;248;48;2;254;254;254mâ–€â–€â–€â–€â–€â–€â–€â–€â–€â–€[0m[38;2;247;247;247;48;2;253;253;253mâ–€[0m[38;2;243;243;243;48;2;248;248;248mâ–€[0m[38;2;248;248;248;48;2;254;254;254mâ–€â–€â–€â–€â–€â–€â–€[0m[38;2;198;198;198;48;2;202;202;202mâ–€[0m 
              [48;2;255;255;255m        [0m[48;2;248;248;248m [0m[48;2;254;254;254m [0m[48;2;255;255;255m          [0m[48;2;247;247;247m [0m[48;2;255;255;255m           [0m[48;2;248;248;248m [0m[48;2;255;255;255m           [0m[48;2;248;248;248m [0m[48;2;255;255;255m          [0m[48;2;254;254;254m [0m[48;2;249;249;249m [0m[48;2;255;255;255m       [0m[48;2;204;204;204m [0m 
              [48;2;255;255;255m        [0m[48;2;248;248;248m [0m[48;2;254;254;254m [0m[48;2;255;255;255m          [0m[48;2;247;247;247m [0m[48;2;255;255;255m           [0m[48;2;248;248;248m [0m[48;2;255;255;255m           [0m[48;2;248;248;248m [0m[48;2;255;255;255m          [0m[48;2;254;254;254m [0m[48;2;249;249;249m [0m[48;2;255;255;255m       [0m[48;2;204;204;204m [0m 
              [48;2;255;255;255m        [0m[48;2;248;248;248m [0m[48;2;254;254;254m [0m[48;2;255;255;255m          [0m[48;2;247;247;247m [0m[48;2;255;255;255m           [0m[48;2;248;248;248m [0m[48;2;255;255;255m           [0m[48;2;248;248;248m [0m[48;2;255;255;255m          [0m[48;2;254;254;254m [0m[48;2;249;249;249m [0m[48;2;255;255;255m       [0m[48;2;204;204;204m [0m 
        [38;2;28;28;28mâ–€[0m[38;2;31;31;31mâ–€[0m    [38;2;247;247;247;48;2;255;255;255mâ–€â–€â–€â–€â–€â–€â–€â–€[0m[38;2;242;242;242;48;2;248;248;248mâ–€[0m[38;2;246;246;246;48;2;254;254;254mâ–€[0m[38;2;247;247;247;48;2;255;255;255mâ–€â–€â–€â–€â–€â–€â–€â–€â–€â–€[0m[38;2;241;241;241;48;2;247;247;247mâ–€[0m[38;2;247;247;247;48;2;255;255;255mâ–€â–€â–€â–€â–€â–€â–€â–€â–€â–€â–€[0m[38;2;242;242;242;48;2;248;248;248mâ–€[0m[38;2;247;247;247;48;2;255;255;255mâ–€â–€â–€â–€â–€â–€â–€â–€â–€â–€â–€[0m[38;2;242;242;242;48;2;248;248;248mâ–€[0m[38;2;247;247;247;48;2;255;255;255mâ–€â–€â–€â–€â–€â–€â–€â–€â–€â–€[0m[38;2;246;246;246;48;2;254;254;254mâ–€[0m[38;2;242;242;242;48;2;249;249;249mâ–€[0m[38;2;247;247;247;48;2;255;255;255mâ–€â–€â–€â–€â–€â–€â–€[0m[38;2;197;197;197;48;2;204;204;204mâ–€[0m 
              [48;2;255;255;255m        [0m[48;2;248;248;248m [0m[48;2;254;254;254m [0m[48;2;255;255;255m          [0m[48;2;247;247;247m [0m[48;2;255;255;255m           [0m[48;2;248;248;248m [0m[48;2;255;255;255m           [0m[48;2;248;248;248m [0m[48;2;255;255;255m          [0m[48;2;254;254;254m [0m[48;2;249;249;249m [0m[48;2;255;255;255m       [0m[48;2;204;204;204m [0m 
              [48;2;255;255;255m        [0m[48;2;248;248;248m [0m[48;2;254;254;254m [0m[48;2;255;255;255m          [0m[48;2;247;247;247m [0m[48;2;255;255;255m           [0m[48;2;248;248;248m [0m[48;2;255;255;255m           [0m[48;2;248;248;248m [0m[48;2;255;255;255m          [0m[48;2;254;254;254m [0m[48;2;249;249;249m [0m[48;2;255;255;255m       [0m[48;2;204;204;204m [0m 
        [38;2;20;20;20mâ–„[0m     [38;2;255;255;255;48;2;254;254;254mâ–€â–€â–€â–€â–€â–€â–€â–€[0m[38;2;248;248;248;48;2;247;247;247mâ–€[0m[38;2;254;254;254;48;2;253;253;253mâ–€[0m[38;2;255;255;255;48;2;254;254;254mâ–€â–€â–€â–€â–€â–€â–€â–€â–€â–€[0m[38;2;247;247;247;48;2;246;246;246mâ–€[0m[38;2;255;255;255;48;2;254;254;254mâ–€â–€â–€â–€â–€â–€â–€â–€â–€â–€â–€[0m[38;2;248;248;248;48;2;247;247;247mâ–€[0m[38;2;255;255;255;48;2;254;254;254mâ–€â–€â–€â–€â–€â–€â–€â–€â–€â–€â–€[0m[38;2;248;248;248;48;2;247;247;247mâ–€[0m[38;2;255;255;255;48;2;254;254;254mâ–€â–€â–€â–€â–€â–€â–€â–€â–€â–€[0m[38;2;254;254;254;48;2;253;253;253mâ–€[0m[38;2;249;249;249;48;2;248;248;248mâ–€[0m[38;2;255;255;255;48;2;254;254;254mâ–€â–€â–€â–€â–€â–€â–€[0m[38;2;204;204;204;48;2;202;202;202mâ–€[0m 
        [38;2;25;25;25mâ–€[0m[38;2;27;27;27mâ–€[0m[38;2;30;30;30mâ–€[0m   [38;2;248;248;248;48;2;255;255;255mâ–€â–€â–€â–€â–€â–€â–€â–€[0m[38;2;242;242;242;48;2;248;248;248mâ–€[0m[38;2;247;247;247;48;2;254;254;254mâ–€[0m[38;2;248;248;248;48;2;255;255;255mâ–€â–€â–€â–€â–€â–€â–€â–€â–€â–€[0m[38;2;242;242;242;48;2;247;247;247mâ–€[0m[38;2;248;248;248;48;2;255;255;255mâ–€â–€â–€â–€â–€â–€â–€â–€â–€â–€â–€[0m[38;2;242;242;242;48;2;248;248;248mâ–€[0m[38;2;248;248;248;48;2;255;255;255mâ–€â–€â–€â–€â–€â–€â–€â–€â–€â–€â–€[0m[38;2;242;242;242;48;2;248;248;248mâ–€[0m[38;2;248;248;248;48;2;255;255;255mâ–€â–€â–€â–€â–€â–€â–€â–€â–€â–€[0m[38;2;247;247;247;48;2;254;254;254mâ–€[0m[38;2;243;243;243;48;2;249;249;249mâ–€[0m[38;2;248;248;248;48;2;255;255;255mâ–€â–€â–€â–€â–€â–€â–€[0m[38;2;198;198;198;48;2;204;204;204mâ–€[0m 
              [48;2;255;255;255m        [0m[48;2;248;248;248m [0m[48;2;254;254;254m [0m[48;2;255;255;255m          [0m[48;2;247;247;247m [0m[48;2;255;255;255m           [0m[48;2;248;248;248m [0m[48;2;255;255;255m           [0m[48;2;248;248;248m [0m[48;2;255;255;255m          [0m[48;2;254;254;254m [0m[48;2;249;249;249m [0m[48;2;255;255;255m       [0m[48;2;204;204;204m [0m 
              [48;2;255;255;255m        [0m[48;2;248;248;248m [0m[48;2;254;254;254m [0m[48;2;255;255;255m          [0m[48;2;247;247;247m [0m[48;2;255;255;255m           [0m[48;2;248;248;248m [0m[48;2;255;255;255m           [0m[48;2;248;248;248m [0m[48;2;255;255;255m          [0m[48;2;254;254;254m [0m[48;2;249;249;249m [0m[48;2;255;255;255m       [0m[48;2;204;204;204m [0m 
        [38;2;30;30;30mâ–„[0m[38;2;19;19;19mâ–„[0m[38;2;24;24;24mâ–„[0m   [38;2;255;255;255;48;2;247;247;247mâ–€â–€â–€â–€â–€â–€â–€â–€[0m[38;2;248;248;248;48;2;242;242;242mâ–€[0m[38;2;254;254;254;48;2;246;246;246mâ–€[0m[38;2;255;255;255;48;2;247;247;247mâ–€â–€â–€â–€â–€â–€â–€â–€â–€â–€[0m[38;2;247;247;247;48;2;241;241;241mâ–€[0m[38;2;255;255;255;48;2;247;247;247mâ–€â–€â–€â–€â–€â–€â–€â–€â–€â–€â–€[0m[38;2;248;248;248;48;2;242;242;242mâ–€[0m[38;2;255;255;255;48;2;247;247;247mâ–€â–€â–€â–€â–€â–€â–€â–€â–€â–€â–€[0m[38;2;248;248;248;48;2;242;242;242mâ–€[0m[38;2;255;255;255;48;2;247;247;247mâ–€â–€â–€â–€â–€â–€â–€â–€â–€â–€[0m[38;2;254;254;254;48;2;246;246;246mâ–€[0m[38;2;249;249;249;48;2;242;242;242mâ–€[0m[38;2;255;255;255;48;2;247;247;247mâ–€â–€â–€â–€â–€â–€â–€[0m[38;2;204;204;204;48;2;197;197;197mâ–€[0m 
        [38;2;22;22;22mâ–€[0m[38;2;29;29;29mâ–€[0m    [48;2;255;255;255m        [0m[48;2;248;248;248m [0m[48;2;254;254;254m [0m[48;2;255;255;255m          [0m[48;2;247;247;247m [0m[48;2;255;255;255m           [0m[48;2;248;248;248m [0m[48;2;255;255;255m           [0m[48;2;248;248;248m [0m[48;2;255;255;255m          [0m[48;2;254;254;254m [0m[48;2;249;249;249m [0m[48;2;255;255;255m       [0m[48;2;204;204;204m [0m 
              [48;2;255;255;255m        [0m[48;2;248;248;248m [0m[48;2;254;254;254m [0m[48;2;255;255;255m          [0m[48;2;247;247;247m [0m[48;2;255;255;255m           [0m[48;2;248;248;248m [0m[48;2;255;255;255m           [0m[48;2;248;248;248m [0m[48;2;255;255;255m          [0m[48;2;254;254;254m [0m[48;2;249;249;249m [0m[48;2;255;255;255m       [0m[48;2;204;204;204m [0m 
              [48;2;255;255;255m        [0m[48;2;248;248;248m [0m[48;2;254;254;254m [0m[48;2;255;255;255m          [0m[48;2;247;247;247m [0m[48;2;255;255;255m           [0m[48;2;248;248;248m [0m[48;2;255;255;255m           [0m[48;2;248;248;248m [0m[48;2;255;255;255m          [0m[48;2;254;254;254m [0m[48;2;249;249;249m [0m[48;2;255;255;255m       [0m[48;2;204;204;204m [0m 
        [38;2;28;28;28mâ–„[0m[38;2;22;22;22mâ–„[0m[38;2;26;26;26mâ–„[0m   [38;2;255;255;255;48;2;248;248;248mâ–€â–€â–€â–€â–€â–€â–€â–€[0m[38;2;248;248;248;48;2;243;243;243mâ–€[0m[38;2;254;254;254;48;2;247;247;247mâ–€[0m[38;2;255;255;255;48;2;248;248;248mâ–€â–€â–€â–€â–€â–€â–€â–€â–€â–€[0m[38;2;247;247;247;48;2;242;242;242mâ–€[0m[38;2;255;255;255;48;2;248;248;248mâ–€â–€â–€â–€â–€â–€â–€â–€â–€â–€â–€[0m[38;2;248;248;248;48;2;243;243;243mâ–€[0m[38;2;255;255;255;48;2;248;248;248mâ–€â–€â–€â–€â–€â–€â–€â–€â–€â–€â–€[0m[38;2;248;248;248;48;2;243;243;243mâ–€[0m[38;2;255;255;255;48;2;248;248;248mâ–€â–€â–€â–€â–€â–€â–€â–€â–€â–€[0m[38;2;254;254;254;48;2;247;247;247mâ–€[0m[38;2;249;249;249;48;2;244;244;244mâ–€[0m[38;2;255;255;255;48;2;248;248;248mâ–€â–€â–€â–€â–€â–€â–€[0m[38;2;204;204;204;48;2;198;198;198mâ–€[0m 
              [38;2;255;255;255;48;2;74;74;74mâ–€â–€â–€â–€â–€â–€â–€â–€[0m[38;2;248;248;248;48;2;72;72;72mâ–€[0m[38;2;254;254;254;48;2;73;73;73mâ–€[0m[38;2;255;255;255;48;2;74;74;74mâ–€â–€â–€â–€â–€â–€â–€â–€â–€â–€[0m[38;2;247;247;247;48;2;72;72;72mâ–€[0m[38;2;255;255;255;48;2;74;74;74mâ–€â–€â–€â–€â–€â–€â–€â–€â–€â–€â–€[0m[38;2;248;248;248;48;2;72;72;72mâ–€[0m[38;2;255;255;255;48;2;74;74;74mâ–€â–€â–€â–€â–€â–€â–€â–€â–€â–€â–€[0m[38;2;248;248;248;48;2;72;72;72mâ–€[0m[38;2;255;255;255;48;2;74;74;74mâ–€â–€â–€â–€â–€â–€â–€â–€â–€â–€[0m[38;2;254;254;254;48;2;73;73;73mâ–€[0m[38;2;249;249;249;48;2;73;73;73mâ–€[0m[38;2;255;255;255;48;2;74;74;74mâ–€â–€â–€â–€â–€â–€â–€[0m[38;2;204;204;204;48;2;65;65;65mâ–€[0m 
                                                                                
                     [38;2;19;19;19;48;2;31;31;31mâ–€[0m [38;2;22;22;22;48;2;34;34;34mâ–€[0m[38;2;45;45;45mâ–„[0m[38;2;33;33;33mâ–„[0m       [38;2;21;21;21;48;2;43;43;43mâ–€[0m [38;2;24;24;24;48;2;43;43;43mâ–€[0m[38;2;18;18;18;48;2;19;19;19mâ–€[0m       [38;2;26;26;26mâ–„[0m[38;2;26;26;26mâ–„[0m[38;2;21;21;21;48;2;43;43;43mâ–€[0m[38;2;26;26;26mâ–„[0m[38;2;25;25;25mâ–„[0m       [38;2;22;22;22;48;2;31;31;31mâ–€[0m[38;2;27;27;27mâ–„[0m[38;2;20;20;20;48;2;38;38;38mâ–€[0m[38;2;24;24;24;48;2;27;27;27mâ–€[0m        [38;2;25;25;25;48;2;46;46;46mâ–€[0m[38;2;25;25;25mâ–„[0m[38;2;28;28;28mâ–„[0m[38;2;55;55;55mâ–„[0m        
                                                           [38;2;21;21;21mâ–€[0m                    
