   [1;38;5;231;48;5;57mâ€¦[0m
   [1;38;5;231;48;5;57mâ€¦[0m
   [2;38;5;57mâ”€[0m
    
  â•­â•®
[38;5;247mâ€¦[0m â•°â•¯
    
    
   [1;38;5;37mâ€¦[0m
   [1;38;5;37mâ€¦[0m
   [2;38;5;37mâ”€[0m
    
   â€¦
   â€¦
   â€¦
   â€¦
   â€¦
   [3mâ€¦[0m
   â€¦
   â€¦
   â€¦
   â€¦
   â€¦
   â€¦
   â€¦
   â€¦
   â€¦
   â€¦
   â€¦
   â€¦
   â€¦
   â€¦
   ]8;id=0;https://github.com/paw-lu/nbpreview\[94mâ€¦[0m]8;;\
   ]8;id=0;https://github.com/paw-lu/nbpreview\[94mâ€¦[0m]8;;\
   ]8;id=0;https://github.com/paw-lu/nbpreview\[94mâ€¦[0m]8;;\
   ]8;id=0;https://github.com/paw-lu/nbpreview\[94mâ€¦[0m]8;;\
   â€¦
   â€¦
   â€¦
   â€¦
   â€¦
   â€¦
    
  â•­â•®
[38;5;247mâ€¦[0m â•°â•¯
    
[38;5;247mâ€¦[0m  ]8;id=0;file://{{ tempfile_path }}0.html\[94mâ€¦[0m]8;;\
   ]8;id=0;file://{{ tempfile_path }}0.html\[94mâ€¦[0m]8;;\
   ]8;id=0;file://{{ tempfile_path }}0.html\[94mâ€¦[0m]8;;\
   ]8;id=0;file://{{ tempfile_path }}0.html\[94mâ€¦[0m]8;;\
   ]8;id=0;file://{{ tempfile_path }}0.html\[94mâ€¦[0m]8;;\
    
[38;5;247mâ€¦[0m   
   â”€
    
    
    
    
    
    
  â•­â•®
[38;5;247mâ€¦[0m â•°â•¯
    
[38;5;247mâ€¦[0m  â€¦
   â€¦
   â€¦
   â€¦
   â€¦
   â€¦
   â€¦
   â€¦
    
   ]8;id=0;file://{{ tempfile_path }}1.png\[94mðŸ–¼[0m]8;;\
   ]8;id=0;file://{{ tempfile_path }}1.png\[94mâ€¦[0m]8;;\
   ]8;id=0;file://{{ tempfile_path }}1.png\[94mâ€¦[0m]8;;\
   ]8;id=0;file://{{ tempfile_path }}1.png\[94mâ€¦[0m]8;;\
   ]8;id=0;file://{{ tempfile_path }}1.png\[94mâ€¦[0m]8;;\
    
   [38;2;187;134;252mâ€¦[0m
   [38;2;187;134;252mâ€¦[0m
   [38;2;187;134;252mâ€¦[0m
   [38;2;187;134;252mâ€¦[0m
   [38;2;187;134;252m2[0m
   [38;2;187;134;252mâ€¦[0m
