     â•­â”€â”€â”€â”€â”€â”€â”€â”€â”€â”€â”€â”€â”€â”€â”€â”€â”€â”€â”€â”€â”€â”€â”€â”€â”€â”€â”€â”€â”€â”€â”€â”€â”€â”€â”€â”€â”€â”€â”€â”€â”€â”€â”€â”€â”€â”€â”€â”€â”€â”€â”€â”€â”€â”€â”€â”€â”€â”€â”€â”€â”€â”€â”€â”€â”€â”€â”€â”€â”€â”€â”€â”€â”€â•®
[38;5;247m[1]:[0m â”‚                                                                         â”‚
     â•°â”€â”€â”€â”€â”€â”€â”€â”€â”€â”€â”€â”€â”€â”€â”€â”€â”€â”€â”€â”€â”€â”€â”€â”€â”€â”€â”€â”€â”€â”€â”€â”€â”€â”€â”€â”€â”€â”€â”€â”€â”€â”€â”€â”€â”€â”€â”€â”€â”€â”€â”€â”€â”€â”€â”€â”€â”€â”€â”€â”€â”€â”€â”€â”€â”€â”€â”€â”€â”€â”€â”€â”€â”€â•¯
                                                                                
[38;5;247m[1]:[0m  <AxesSubplot:>                                                            
                                                                                
      ]8;id=128065;file://{{ tempfile_path }}0.png\[94mðŸ–¼ Click to view Image[0m]8;;\                                                     
                                                                                
            [38;2;170;170;170mâ–„[0m[38;2;255;255;255mâ–„â–„â–„â–„â–„â–„[0m[38;2;249;249;249mâ–„[0m[38;2;255;255;255mâ–„â–„â–„â–„â–„â–„â–„â–„[0m[38;2;249;249;249mâ–„[0m[38;2;255;255;255mâ–„â–„â–„â–„â–„â–„â–„â–„â–„[0m[38;2;249;249;249mâ–„[0m[38;2;255;255;255mâ–„â–„â–„â–„â–„â–„â–„â–„[0m[38;2;249;249;249mâ–„[0m[38;2;255;255;255mâ–„â–„â–„â–„â–„â–„â–„â–„[0m[38;2;254;254;254mâ–„[0m[38;2;250;250;250mâ–„[0m[38;2;255;255;255mâ–„â–„â–„â–„â–„â–„[0m                
       [38;2;24;24;24mâ–€[0m[38;2;26;26;26mâ–€[0m[38;2;23;23;23mâ–€[0m  [38;2;166;166;166;48;2;170;170;170mâ–€[0m[38;2;248;248;248;48;2;255;255;255mâ–€â–€â–€â–€â–€â–€[0m[38;2;244;244;244;48;2;249;249;249mâ–€[0m[38;2;248;248;248;48;2;255;255;255mâ–€â–€â–€â–€â–€â–€â–€â–€[0m[38;2;244;244;244;48;2;249;249;249mâ–€[0m[38;2;248;248;248;48;2;255;255;255mâ–€â–€â–€â–€â–€â–€â–€â–€â–€[0m[38;2;244;244;244;48;2;249;249;249mâ–€[0m[38;2;248;248;248;48;2;255;255;255mâ–€â–€â–€â–€â–€â–€â–€â–€[0m[38;2;244;244;244;48;2;249;249;249mâ–€[0m[38;2;248;248;248;48;2;255;255;255mâ–€â–€â–€â–€â–€â–€â–€â–€[0m[38;2;247;247;247;48;2;204;172;249mâ–€[0m[38;2;244;244;244;48;2;196;161;246mâ–€[0m[38;2;248;248;248;48;2;199;164;249mâ–€â–€[0m[38;2;248;248;248;48;2;251;249;254mâ–€[0m[38;2;248;248;248;48;2;235;235;235mâ–€[0m[38;2;248;248;248;48;2;236;236;236mâ–€[0m[38;2;248;248;248;48;2;255;255;255mâ–€[0m                
            [48;2;170;170;170m [0m[48;2;255;255;255m      [0m[48;2;249;249;249m [0m[48;2;255;255;255m        [0m[48;2;249;249;249m [0m[48;2;255;255;255m         [0m[48;2;249;249;249m [0m[48;2;255;255;255m        [0m[48;2;249;249;249m [0m[48;2;255;255;255m        [0m[48;2;254;254;254m [0m[48;2;250;250;250m [0m[48;2;255;255;255m   [0m[38;2;243;243;243;48;2;249;249;249mâ–€[0m[38;2;245;245;245;48;2;255;255;255mâ–€[0m[38;2;245;245;245;48;2;255;255;255m [0m                
            [48;2;170;170;170m [0m[48;2;255;255;255m      [0m[48;2;249;249;249m [0m[48;2;255;255;255m        [0m[48;2;249;249;249m [0m[48;2;255;255;255m         [0m[48;2;249;249;249m [0m[48;2;255;255;255m        [0m[48;2;249;249;249m [0m[48;2;255;255;255m        [0m[38;2;159;220;223;48;2;254;254;254mâ–€[0m[38;2;146;213;217;48;2;250;250;250mâ–€[0m[38;2;149;216;220;48;2;255;255;255mâ–€[0m[38;2;149;217;221;48;2;255;255;255mâ–€[0m[38;2;248;252;253;48;2;255;255;255mâ–€[0m[38;2;228;228;228;48;2;244;244;244mâ–€[0m[38;2;234;234;234;48;2;248;248;248mâ–€[0m[38;2;234;234;234;48;2;255;255;255m [0m                
       [38;2;21;21;21mâ–€[0m [38;2;26;26;26mâ–€[0m  [38;2;166;166;166;48;2;170;170;170mâ–€[0m[38;2;248;248;248;48;2;255;255;255mâ–€â–€â–€â–€â–€â–€[0m[38;2;244;244;244;48;2;249;249;249mâ–€[0m[38;2;248;248;248;48;2;255;255;255mâ–€â–€â–€â–€â–€â–€â–€â–€[0m[38;2;244;244;244;48;2;249;249;249mâ–€[0m[38;2;248;248;248;48;2;255;255;255mâ–€â–€â–€â–€â–€â–€â–€â–€â–€[0m[38;2;244;244;244;48;2;249;249;249mâ–€[0m[38;2;248;248;248;48;2;255;255;255mâ–€â–€â–€â–€â–€â–€â–€â–€[0m[38;2;244;244;244;48;2;249;249;249mâ–€[0m[38;2;248;248;248;48;2;255;255;255mâ–€â–€â–€â–€â–€â–€â–€â–€[0m[38;2;247;247;247;48;2;254;254;254mâ–€[0m[38;2;244;244;244;48;2;250;250;250mâ–€[0m[38;2;248;248;248;48;2;255;255;255mâ–€â–€â–€â–€â–€â–€[0m                
            [48;2;170;170;170m [0m[48;2;255;255;255m      [0m[48;2;249;249;249m [0m[48;2;255;255;255m        [0m[48;2;249;249;249m [0m[48;2;255;255;255m         [0m[48;2;249;249;249m [0m[48;2;255;255;255m        [0m[48;2;249;249;249m [0m[48;2;255;255;255m        [0m[48;2;254;254;254m [0m[48;2;250;250;250m [0m[48;2;255;255;255m      [0m                
            [48;2;170;170;170m [0m[48;2;255;255;255m      [0m[48;2;249;249;249m [0m[48;2;255;255;255m        [0m[48;2;249;249;249m [0m[48;2;255;255;255m         [0m[48;2;249;249;249m [0m[48;2;255;255;255m        [0m[48;2;249;249;249m [0m[48;2;255;255;255m        [0m[48;2;254;254;254m [0m[48;2;250;250;250m [0m[48;2;255;255;255m      [0m                
       [38;2;21;21;21mâ–€[0m [38;2;20;20;20mâ–€[0m  [38;2;166;166;166;48;2;170;170;170mâ–€[0m[38;2;248;248;248;48;2;255;255;255mâ–€â–€â–€â–€â–€â–€[0m[38;2;244;244;244;48;2;249;249;249mâ–€[0m[38;2;248;248;248;48;2;255;255;255mâ–€â–€â–€â–€â–€â–€â–€â–€[0m[38;2;244;244;244;48;2;249;249;249mâ–€[0m[38;2;248;248;248;48;2;255;255;255mâ–€â–€â–€â–€â–€â–€â–€â–€â–€[0m[38;2;244;244;244;48;2;249;249;249mâ–€[0m[38;2;248;248;248;48;2;255;255;255mâ–€â–€â–€â–€â–€â–€â–€â–€[0m[38;2;244;244;244;48;2;249;249;249mâ–€[0m[38;2;248;248;248;48;2;255;255;255mâ–€â–€â–€â–€â–€â–€â–€â–€[0m[38;2;247;247;247;48;2;254;254;254mâ–€[0m[38;2;244;244;244;48;2;250;250;250mâ–€[0m[38;2;248;248;248;48;2;255;255;255mâ–€â–€â–€â–€â–€â–€[0m                
            [48;2;170;170;170m [0m[48;2;255;255;255m      [0m[48;2;249;249;249m [0m[48;2;255;255;255m        [0m[48;2;249;249;249m [0m[48;2;255;255;255m         [0m[48;2;249;249;249m [0m[48;2;255;255;255m        [0m[48;2;249;249;249m [0m[48;2;255;255;255m        [0m[48;2;254;254;254m [0m[48;2;250;250;250m [0m[48;2;255;255;255m      [0m                
            [48;2;170;170;170m [0m[48;2;255;255;255m      [0m[48;2;249;249;249m [0m[48;2;255;255;255m        [0m[48;2;249;249;249m [0m[48;2;255;255;255m         [0m[48;2;249;249;249m [0m[48;2;255;255;255m        [0m[48;2;249;249;249m [0m[48;2;255;255;255m        [0m[48;2;254;254;254m [0m[48;2;250;250;250m [0m[48;2;255;255;255m      [0m                
         [38;2;24;24;24mâ–„[0m  [38;2;167;167;167;48;2;170;170;170mâ–€[0m[38;2;250;250;250;48;2;254;254;254mâ–€â–€â–€â–€â–€â–€[0m[38;2;245;245;245;48;2;248;248;248mâ–€[0m[38;2;250;250;250;48;2;254;254;254mâ–€â–€â–€â–€â–€â–€â–€â–€[0m[38;2;245;245;245;48;2;248;248;248mâ–€[0m[38;2;250;250;250;48;2;254;254;254mâ–€â–€â–€â–€â–€â–€â–€â–€â–€[0m[38;2;245;245;245;48;2;248;248;248mâ–€[0m[38;2;250;250;250;48;2;254;254;254mâ–€â–€â–€â–€â–€â–€â–€â–€[0m[38;2;245;245;245;48;2;248;248;248mâ–€[0m[38;2;250;250;250;48;2;254;254;254mâ–€â–€â–€â–€â–€â–€â–€â–€[0m[38;2;249;249;249;48;2;253;253;253mâ–€[0m[38;2;246;246;246;48;2;249;249;249mâ–€[0m[38;2;250;250;250;48;2;254;254;254mâ–€â–€â–€â–€â–€â–€[0m                
            [48;2;170;170;170m [0m[48;2;255;255;255m      [0m[48;2;249;249;249m [0m[48;2;255;255;255m        [0m[48;2;249;249;249m [0m[48;2;255;255;255m         [0m[48;2;249;249;249m [0m[48;2;255;255;255m        [0m[48;2;249;249;249m [0m[48;2;255;255;255m        [0m[48;2;254;254;254m [0m[48;2;250;250;250m [0m[48;2;255;255;255m      [0m                
            [48;2;170;170;170m [0m[48;2;255;255;255m      [0m[48;2;249;249;249m [0m[48;2;255;255;255m        [0m[48;2;249;249;249m [0m[48;2;255;255;255m         [0m[48;2;249;249;249m [0m[48;2;255;255;255m        [0m[48;2;249;249;249m [0m[48;2;255;255;255m        [0m[48;2;254;254;254m [0m[48;2;250;250;250m [0m[48;2;255;255;255m      [0m                
         [38;2;22;22;22mâ–„[0m  [38;2;167;167;167;48;2;170;170;170mâ–€[0m[38;2;250;250;250;48;2;254;254;254mâ–€â–€â–€â–€â–€â–€[0m[38;2;245;245;245;48;2;248;248;248mâ–€[0m[38;2;250;250;250;48;2;254;254;254mâ–€â–€â–€â–€â–€â–€â–€â–€[0m[38;2;245;245;245;48;2;248;248;248mâ–€[0m[38;2;250;250;250;48;2;254;254;254mâ–€â–€â–€â–€â–€â–€â–€â–€â–€[0m[38;2;245;245;245;48;2;248;248;248mâ–€[0m[38;2;250;250;250;48;2;254;254;254mâ–€â–€â–€â–€â–€â–€â–€â–€[0m[38;2;245;245;245;48;2;248;248;248mâ–€[0m[38;2;250;250;250;48;2;254;254;254mâ–€â–€â–€â–€â–€â–€â–€â–€[0m[38;2;249;249;249;48;2;253;253;253mâ–€[0m[38;2;246;246;246;48;2;249;249;249mâ–€[0m[38;2;250;250;250;48;2;254;254;254mâ–€â–€â–€â–€â–€â–€[0m                
            [48;2;170;170;170m [0m[48;2;255;255;255m      [0m[48;2;249;249;249m [0m[48;2;255;255;255m        [0m[48;2;249;249;249m [0m[48;2;255;255;255m         [0m[48;2;249;249;249m [0m[48;2;255;255;255m        [0m[48;2;249;249;249m [0m[48;2;255;255;255m        [0m[48;2;254;254;254m [0m[48;2;250;250;250m [0m[48;2;255;255;255m      [0m                
            [48;2;170;170;170m [0m[48;2;255;255;255m      [0m[48;2;249;249;249m [0m[48;2;255;255;255m        [0m[48;2;249;249;249m [0m[48;2;255;255;255m         [0m[48;2;249;249;249m [0m[48;2;255;255;255m        [0m[48;2;249;249;249m [0m[48;2;255;255;255m        [0m[48;2;254;254;254m [0m[48;2;250;250;250m [0m[48;2;255;255;255m      [0m                
        [38;2;22;22;22mâ–„[0m[38;2;23;23;23mâ–„[0m  [38;2;170;170;170;48;2;166;166;166mâ–€[0m[38;2;254;254;254;48;2;249;249;249mâ–€â–€â–€â–€â–€â–€[0m[38;2;248;248;248;48;2;244;244;244mâ–€[0m[38;2;254;254;254;48;2;249;249;249mâ–€â–€â–€â–€â–€â–€â–€â–€[0m[38;2;248;248;248;48;2;244;244;244mâ–€[0m[38;2;254;254;254;48;2;249;249;249mâ–€â–€â–€â–€â–€â–€â–€â–€â–€[0m[38;2;248;248;248;48;2;244;244;244mâ–€[0m[38;2;254;254;254;48;2;249;249;249mâ–€â–€â–€â–€â–€â–€â–€â–€[0m[38;2;248;248;248;48;2;244;244;244mâ–€[0m[38;2;254;254;254;48;2;249;249;249mâ–€â–€â–€â–€â–€â–€â–€â–€[0m[38;2;253;253;253;48;2;248;248;248mâ–€[0m[38;2;249;249;249;48;2;245;245;245mâ–€[0m[38;2;254;254;254;48;2;249;249;249mâ–€â–€â–€â–€â–€â–€[0m                
            [38;2;109;109;109mâ–€[0m[38;2;161;161;161mâ–€â–€â–€â–€â–€â–€[0m[38;2;159;159;159mâ–€[0m[38;2;161;161;161mâ–€â–€â–€â–€â–€â–€â–€â–€[0m[38;2;159;159;159mâ–€[0m[38;2;161;161;161mâ–€â–€â–€â–€â–€â–€â–€â–€â–€[0m[38;2;159;159;159mâ–€[0m[38;2;161;161;161mâ–€â–€â–€â–€â–€â–€â–€â–€[0m[38;2;159;159;159mâ–€[0m[38;2;161;161;161mâ–€â–€â–€â–€â–€â–€â–€â–€â–€[0m[38;2;159;159;159mâ–€[0m[38;2;161;161;161mâ–€â–€â–€â–€â–€â–€[0m                
                  [38;2;38;38;38mâ–„[0m [38;2;24;24;24mâ–„[0m[38;2;23;23;23mâ–„[0m     [38;2;27;27;27mâ–„[0m [38;2;38;38;38mâ–„[0m[38;2;27;27;27mâ–„[0m      [38;2;20;20;20mâ–„[0m[38;2;35;35;35mâ–„[0m[38;2;32;32;32mâ–„[0m      [38;2;35;35;35mâ–„[0m[38;2;23;23;23mâ–„[0m[38;2;28;28;28mâ–„[0m      [38;2;23;23;23mâ–„[0m[38;2;26;26;26mâ–„[0m[38;2;24;24;24mâ–„[0m[38;2;28;28;28mâ–„[0m                     
                  [38;2;27;27;27mâ–€[0m [38;2;23;23;23mâ–€[0m        [38;2;27;27;27mâ–€[0m[38;2;22;22;22mâ–€[0m       [38;2;25;25;25mâ–€[0m[38;2;23;23;23mâ–€[0m      [38;2;26;26;26mâ–€[0m[38;2;19;19;19mâ–€[0m[38;2;27;27;27mâ–€[0m       [38;2;19;19;19mâ–€[0m[38;2;22;22;22mâ–€[0m[38;2;20;20;20mâ–€[0m                     
